<?xml version="1.0" encoding="UTF-8"?>
<testsuites name="jest tests" tests="23" failures="3" errors="0" time="5.543">
  <testsuite name="Match Service Comprehensive" errors="0" failures="3" skipped="0" timestamp="2025-04-17T04:34:53" time="1.095" tests="8">
    <testcase classname="Match Service Comprehensive MockMatchServiceAdapter should CRUD matches correctly" name="Match Service Comprehensive MockMatchServiceAdapter should CRUD matches correctly" time="0.008">
      <failure>TypeError: Cannot read properties of undefined (reading &apos;users&apos;)
    at Object.users (D:\Download\audio-visual\heytcm\new-starter\src\core\services-update\business\match\_tests_\match-service-comprehensive.test.ts:92:22)</failure>
    </testcase>
    <testcase classname="Match Service Comprehensive MockMatchServiceAdapter should check match status and isMatchedWith" name="Match Service Comprehensive MockMatchServiceAdapter should check match status and isMatchedWith" time="0.003">
    </testcase>
    <testcase classname="Match Service Comprehensive BrandAMatchServiceAdapter should filter city and verified users" name="Match Service Comprehensive BrandAMatchServiceAdapter should filter city and verified users" time="0.002">
    </testcase>
    <testcase classname="Match Service Comprehensive BrandAMatchServiceAdapter should only allow double match" name="Match Service Comprehensive BrandAMatchServiceAdapter should only allow double match" time="0.011">
      <failure>Error: expect(received).resolves.toBeDefined()

Received: undefined
    at Object.toBeDefined (D:\Download\audio-visual\heytcm\new-starter\node_modules\expect\build\index.js:174:22)
    at Object.toBeDefined (D:\Download\audio-visual\heytcm\new-starter\src\core\services-update\business\match\_tests_\match-service-comprehensive.test.ts:118:95)</failure>
    </testcase>
    <testcase classname="Match Service Comprehensive HybridMatchServiceAdapter should prioritize local matches and sync remote" name="Match Service Comprehensive HybridMatchServiceAdapter should prioritize local matches and sync remote" time="0.002">
    </testcase>
    <testcase classname="Match Service Comprehensive RemoteMatchServiceAdapter should call remote API for all operations" name="Match Service Comprehensive RemoteMatchServiceAdapter should call remote API for all operations" time="0.002">
      <failure>TypeError: Cannot read properties of undefined (reading &apos;ok&apos;)
    at RemoteMatchServiceAdapter.ok [as getUserMatches] (D:\Download\audio-visual\heytcm\new-starter\src\core\services-update\business\match\adapters\remote-match-service-adapter.ts:16:19)
    at Object.&lt;anonymous&gt; (D:\Download\audio-visual\heytcm\new-starter\src\core\services-update\business\match\_tests_\match-service-comprehensive.test.ts:134:7)</failure>
    </testcase>
    <testcase classname="Match Service Comprehensive Edge Cases should return empty for unknown user" name="Match Service Comprehensive Edge Cases should return empty for unknown user" time="0.003">
    </testcase>
    <testcase classname="Match Service Comprehensive Edge Cases should handle match not found on update" name="Match Service Comprehensive Edge Cases should handle match not found on update" time="0.005">
    </testcase>
  </testsuite>
  <testsuite name="Match Service Adapter &amp; Utils" errors="0" failures="0" skipped="0" timestamp="2025-04-17T04:34:55" time="0.344" tests="7">
    <testcase classname="Match Service Adapter &amp; Utils should get user related matches (utils)" name="Match Service Adapter &amp; Utils should get user related matches (utils)" time="0.003">
    </testcase>
    <testcase classname="Match Service Adapter &amp; Utils should get matched users (utils)" name="Match Service Adapter &amp; Utils should get matched users (utils)" time="0.007">
    </testcase>
    <testcase classname="Match Service Adapter &amp; Utils should filter matches by city (utils)" name="Match Service Adapter &amp; Utils should filter matches by city (utils)" time="0.002">
    </testcase>
    <testcase classname="Match Service Adapter &amp; Utils should sort matches by createdAt desc (utils)" name="Match Service Adapter &amp; Utils should sort matches by createdAt desc (utils)" time="0.002">
    </testcase>
    <testcase classname="Match Service Adapter &amp; Utils should group matches by city (utils)" name="Match Service Adapter &amp; Utils should group matches by city (utils)" time="0.002">
    </testcase>
    <testcase classname="Match Service Adapter &amp; Utils should work with MockMatchServiceAdapter" name="Match Service Adapter &amp; Utils should work with MockMatchServiceAdapter" time="0.002">
    </testcase>
    <testcase classname="Match Service Adapter &amp; Utils should work with BrandAMatchServiceAdapter (city/verified filter)" name="Match Service Adapter &amp; Utils should work with BrandAMatchServiceAdapter (city/verified filter)" time="0.002">
    </testcase>
  </testsuite>
  <testsuite name="match-aggregation-utils" errors="0" failures="0" skipped="0" timestamp="2025-04-17T04:34:55" time="0.358" tests="8">
    <testcase classname="match-aggregation-utils getUserRelatedMatches returns correct matches" name="match-aggregation-utils getUserRelatedMatches returns correct matches" time="0.002">
    </testcase>
    <testcase classname="match-aggregation-utils getMatchedUsers returns matched users" name="match-aggregation-utils getMatchedUsers returns matched users" time="0.002">
    </testcase>
    <testcase classname="match-aggregation-utils filterMatchesByField filters by city" name="match-aggregation-utils filterMatchesByField filters by city" time="0.002">
    </testcase>
    <testcase classname="match-aggregation-utils sortMatchesByFieldAsc sorts by createdAt ascending" name="match-aggregation-utils sortMatchesByFieldAsc sorts by createdAt ascending" time="0.003">
    </testcase>
    <testcase classname="match-aggregation-utils sortMatchesByFieldDesc sorts by createdAt descending" name="match-aggregation-utils sortMatchesByFieldDesc sorts by createdAt descending" time="0.003">
    </testcase>
    <testcase classname="match-aggregation-utils groupMatchesByField groups by city" name="match-aggregation-utils groupMatchesByField groups by city" time="0.002">
    </testcase>
    <testcase classname="match-aggregation-utils getUserRelatedMatches returns empty for unknown user" name="match-aggregation-utils getUserRelatedMatches returns empty for unknown user" time="0.007">
    </testcase>
    <testcase classname="match-aggregation-utils getMatchedUsers returns empty for user with no matches" name="match-aggregation-utils getMatchedUsers returns empty for user with no matches" time="0.002">
    </testcase>
  </testsuite>
</testsuites>